// Jest Snapshot v1, https://goo.gl/fbAQLP

exports[`Card Body Renders correctly renders the entire card block 1`] = `ReactWrapper {}`;
