// Jest Snapshot v1, https://goo.gl/fbAQLP

exports[`Bar Chart Renders correctly renders the chart div 1`] = `ShallowWrapper {}`;
